He's got twenty million dollars
In his Heavenly Bank Account...
All from those chumps who was
&lt;script&gt;const born_again = kill(&quot;The unbelievers!); &quot;&lt;/script&gt;