These executives have plooked the $$@!@#% out of me
And there's still a long time to go before I've