<div>
  Desperate nerds in high offices all over the world have been known to
  enact the most disgusting pieces of legislation in order to win votes
  (or, in places where they don't get to vote, to control unwanted forms of
  mass behavior).
</div>