Wo, are we movin' too slow?
Have you seen us,
<bold>Charismatic Black Man</bold>...