Twenny dollah bill (I can set you straight)
Meet me onna corner boy 'n don't be late